[0.010s] Invoking command in '/home/guozi/chapt2/build/demo_cpp_pkg': CMAKE_PREFIX_PATH=${CMAKE_PREFIX_PATH}:/opt/ros/humble /usr/bin/cmake --build /home/guozi/chapt2/build/demo_cpp_pkg -- -j4 -l4
[0.026s] -- Found ament_cmake: 1.3.14 (/opt/ros/humble/share/ament_cmake/cmake)
[0.091s] -- Found rclcpp: 16.0.21 (/opt/ros/humble/share/rclcpp/cmake)
[0.105s] -- Found rosidl_generator_c: 3.1.9 (/opt/ros/humble/share/rosidl_generator_c/cmake)
[0.106s] -- Found rosidl_adapter: 3.1.9 (/opt/ros/humble/share/rosidl_adapter/cmake)
[0.109s] -- Found rosidl_generator_cpp: 3.1.9 (/opt/ros/humble/share/rosidl_generator_cpp/cmake)
[0.114s] -- Using all available rosidl_typesupport_c: rosidl_typesupport_fastrtps_c;rosidl_typesupport_introspection_c
[0.120s] -- Using all available rosidl_typesupport_cpp: rosidl_typesupport_fastrtps_cpp;rosidl_typesupport_introspection_cpp
[0.137s] -- Found rmw_implementation_cmake: 6.1.4 (/opt/ros/humble/share/rmw_implementation_cmake/cmake)
[0.137s] -- Found rmw_fastrtps_cpp: 6.2.10 (/opt/ros/humble/share/rmw_fastrtps_cpp/cmake)
[0.186s] -- Using RMW implementation 'rmw_fastrtps_cpp' as default
[0.211s] -- Found ament_lint_auto: 0.12.15 (/opt/ros/humble/share/ament_lint_auto/cmake)
[0.251s] -- Added test 'cppcheck' to perform static code analysis on C / C++ code
[0.251s] -- Configured cppcheck include dirs: 
[0.251s] -- Configured cppcheck exclude dirs and/or files: 
[0.252s] -- Added test 'flake8' to check Python code syntax and style conventions
[0.254s] -- Added test 'lint_cmake' to check CMake code style
[0.255s] -- Added test 'pep257' to check Python code against some of the docstring style conventions in PEP 257
[0.259s] -- Added test 'uncrustify' to check C / C++ code style
[0.260s] -- Configured uncrustify additional arguments: 
[0.260s] -- Added test 'xmllint' to check XML markup files
[0.261s] -- Configuring done
[0.267s] -- Generating done
[0.272s] -- Build files have been written to: /home/guozi/chapt2/build/demo_cpp_pkg
[0.288s] [35m[1mConsolidate compiler generated dependencies of target cpp_node[0m
[0.299s] [100%] Built target cpp_node
[0.307s] Invoked command in '/home/guozi/chapt2/build/demo_cpp_pkg' returned '0': CMAKE_PREFIX_PATH=${CMAKE_PREFIX_PATH}:/opt/ros/humble /usr/bin/cmake --build /home/guozi/chapt2/build/demo_cpp_pkg -- -j4 -l4
[0.313s] Invoking command in '/home/guozi/chapt2/build/demo_cpp_pkg': CMAKE_PREFIX_PATH=${CMAKE_PREFIX_PATH}:/opt/ros/humble /usr/bin/cmake --install /home/guozi/chapt2/build/demo_cpp_pkg
[0.317s] -- Install configuration: ""
[0.318s] -- Up-to-date: /home/guozi/chapt2/install/demo_cpp_pkg/lib/demo_cpp_pkg/cpp_node
[0.318s] -- Installing: /home/guozi/chapt2/install/demo_cpp_pkg/share/ament_index/resource_index/package_run_dependencies/demo_cpp_pkg
[0.318s] -- Installing: /home/guozi/chapt2/install/demo_cpp_pkg/share/ament_index/resource_index/parent_prefix_path/demo_cpp_pkg
[0.318s] -- Up-to-date: /home/guozi/chapt2/install/demo_cpp_pkg/share/demo_cpp_pkg/environment/ament_prefix_path.sh
[0.318s] -- Installing: /home/guozi/chapt2/install/demo_cpp_pkg/share/demo_cpp_pkg/environment/ament_prefix_path.dsv
[0.318s] -- Up-to-date: /home/guozi/chapt2/install/demo_cpp_pkg/share/demo_cpp_pkg/environment/path.sh
[0.318s] -- Installing: /home/guozi/chapt2/install/demo_cpp_pkg/share/demo_cpp_pkg/environment/path.dsv
[0.318s] -- Up-to-date: /home/guozi/chapt2/install/demo_cpp_pkg/share/demo_cpp_pkg/local_setup.bash
[0.318s] -- Up-to-date: /home/guozi/chapt2/install/demo_cpp_pkg/share/demo_cpp_pkg/local_setup.sh
[0.319s] -- Up-to-date: /home/guozi/chapt2/install/demo_cpp_pkg/share/demo_cpp_pkg/local_setup.zsh
[0.319s] -- Installing: /home/guozi/chapt2/install/demo_cpp_pkg/share/demo_cpp_pkg/local_setup.dsv
[0.319s] -- Installing: /home/guozi/chapt2/install/demo_cpp_pkg/share/demo_cpp_pkg/package.dsv
[0.319s] -- Up-to-date: /home/guozi/chapt2/install/demo_cpp_pkg/share/ament_index/resource_index/packages/demo_cpp_pkg
[0.319s] -- Up-to-date: /home/guozi/chapt2/install/demo_cpp_pkg/share/demo_cpp_pkg/cmake/demo_cpp_pkgConfig.cmake
[0.319s] -- Up-to-date: /home/guozi/chapt2/install/demo_cpp_pkg/share/demo_cpp_pkg/cmake/demo_cpp_pkgConfig-version.cmake
[0.319s] -- Installing: /home/guozi/chapt2/install/demo_cpp_pkg/share/demo_cpp_pkg/package.xml
[0.320s] Invoked command in '/home/guozi/chapt2/build/demo_cpp_pkg' returned '0': CMAKE_PREFIX_PATH=${CMAKE_PREFIX_PATH}:/opt/ros/humble /usr/bin/cmake --install /home/guozi/chapt2/build/demo_cpp_pkg
