[0.006s] Invoking command in '/home/guozi/chapt2/demo_cpp_pkg/build/demo_cpp_pkg': CMAKE_PREFIX_PATH=/opt/ros/humble /usr/bin/cmake /home/guozi/chapt2/demo_cpp_pkg -DCMAKE_INSTALL_PREFIX=/home/guozi/chapt2/demo_cpp_pkg/install/demo_cpp_pkg
[0.049s] -- The C compiler identification is GNU 11.4.0
[0.083s] -- The CXX compiler identification is GNU 11.4.0
[0.087s] -- Detecting C compiler ABI info
[0.136s] -- Detecting C compiler ABI info - done
[0.138s] -- Check for working C compiler: /usr/bin/cc - skipped
[0.138s] -- Detecting C compile features
[0.138s] -- Detecting C compile features - done
[0.139s] -- Detecting CXX compiler ABI info
[0.194s] -- Detecting CXX compiler ABI info - done
[0.195s] -- Check for working CXX compiler: /usr/bin/c++ - skipped
[0.195s] -- Detecting CXX compile features
[0.196s] -- Detecting CXX compile features - done
[0.197s] -- Found ament_cmake: 1.3.14 (/opt/ros/humble/share/ament_cmake/cmake)
[0.279s] -- Found Python3: /usr/bin/python3 (found version "3.10.12") found components: Interpreter 
[0.322s] -- Found rclcpp: 16.0.21 (/opt/ros/humble/share/rclcpp/cmake)
[0.340s] -- Found rosidl_generator_c: 3.1.9 (/opt/ros/humble/share/rosidl_generator_c/cmake)
[0.343s] -- Found rosidl_adapter: 3.1.9 (/opt/ros/humble/share/rosidl_adapter/cmake)
[0.347s] -- Found rosidl_generator_cpp: 3.1.9 (/opt/ros/humble/share/rosidl_generator_cpp/cmake)
[0.358s] -- Using all available rosidl_typesupport_c: rosidl_typesupport_fastrtps_c;rosidl_typesupport_introspection_c
[0.363s] -- Using all available rosidl_typesupport_cpp: rosidl_typesupport_fastrtps_cpp;rosidl_typesupport_introspection_cpp
[0.382s] -- Found rmw_implementation_cmake: 6.1.4 (/opt/ros/humble/share/rmw_implementation_cmake/cmake)
[0.383s] -- Found rmw_fastrtps_cpp: 6.2.10 (/opt/ros/humble/share/rmw_fastrtps_cpp/cmake)
[0.436s] -- Found OpenSSL: /usr/lib/x86_64-linux-gnu/libcrypto.so (found version "3.0.2")  
[0.450s] -- Found FastRTPS: /opt/ros/humble/include  
[0.468s] -- Using RMW implementation 'rmw_fastrtps_cpp' as default
[0.471s] -- Looking for pthread.h
[0.530s] -- Looking for pthread.h - found
[0.530s] -- Performing Test CMAKE_HAVE_LIBC_PTHREAD
[0.582s] -- Performing Test CMAKE_HAVE_LIBC_PTHREAD - Success
[0.582s] -- Found Threads: TRUE  
[0.608s] -- Found ament_lint_auto: 0.12.15 (/opt/ros/humble/share/ament_lint_auto/cmake)
[0.648s] -- Added test 'cppcheck' to perform static code analysis on C / C++ code
[0.648s] -- Configured cppcheck include dirs: 
[0.648s] -- Configured cppcheck exclude dirs and/or files: 
[0.649s] -- Added test 'lint_cmake' to check CMake code style
[0.652s] -- Added test 'uncrustify' to check C / C++ code style
[0.652s] -- Configured uncrustify additional arguments: 
[0.653s] -- Added test 'xmllint' to check XML markup files
[0.653s] -- Configuring done
[0.658s] -- Generating done
[0.659s] -- Build files have been written to: /home/guozi/chapt2/demo_cpp_pkg/build/demo_cpp_pkg
[0.667s] Invoked command in '/home/guozi/chapt2/demo_cpp_pkg/build/demo_cpp_pkg' returned '0': CMAKE_PREFIX_PATH=/opt/ros/humble /usr/bin/cmake /home/guozi/chapt2/demo_cpp_pkg -DCMAKE_INSTALL_PREFIX=/home/guozi/chapt2/demo_cpp_pkg/install/demo_cpp_pkg
[0.667s] Invoking command in '/home/guozi/chapt2/demo_cpp_pkg/build/demo_cpp_pkg': CMAKE_PREFIX_PATH=/opt/ros/humble /usr/bin/cmake --build /home/guozi/chapt2/demo_cpp_pkg/build/demo_cpp_pkg -- -j4 -l4
[0.699s] [ 50%] [32mBuilding CXX object CMakeFiles/cpp_node.dir/src/cpp_node.cpp.o[0m
[2.240s] [100%] [32m[1mLinking CXX executable cpp_node[0m
[2.308s] [100%] Built target cpp_node
[2.317s] Invoked command in '/home/guozi/chapt2/demo_cpp_pkg/build/demo_cpp_pkg' returned '0': CMAKE_PREFIX_PATH=/opt/ros/humble /usr/bin/cmake --build /home/guozi/chapt2/demo_cpp_pkg/build/demo_cpp_pkg -- -j4 -l4
[2.326s] Invoking command in '/home/guozi/chapt2/demo_cpp_pkg/build/demo_cpp_pkg': CMAKE_PREFIX_PATH=/opt/ros/humble /usr/bin/cmake --install /home/guozi/chapt2/demo_cpp_pkg/build/demo_cpp_pkg
[2.331s] -- Install configuration: ""
[2.331s] -- Installing: /home/guozi/chapt2/demo_cpp_pkg/install/demo_cpp_pkg/lib/demo_cpp_pkg/cpp_node
[2.331s] -- Set runtime path of "/home/guozi/chapt2/demo_cpp_pkg/install/demo_cpp_pkg/lib/demo_cpp_pkg/cpp_node" to ""
[2.331s] -- Installing: /home/guozi/chapt2/demo_cpp_pkg/install/demo_cpp_pkg/share/ament_index/resource_index/package_run_dependencies/demo_cpp_pkg
[2.332s] -- Installing: /home/guozi/chapt2/demo_cpp_pkg/install/demo_cpp_pkg/share/ament_index/resource_index/parent_prefix_path/demo_cpp_pkg
[2.332s] -- Installing: /home/guozi/chapt2/demo_cpp_pkg/install/demo_cpp_pkg/share/demo_cpp_pkg/environment/ament_prefix_path.sh
[2.332s] -- Installing: /home/guozi/chapt2/demo_cpp_pkg/install/demo_cpp_pkg/share/demo_cpp_pkg/environment/ament_prefix_path.dsv
[2.332s] -- Installing: /home/guozi/chapt2/demo_cpp_pkg/install/demo_cpp_pkg/share/demo_cpp_pkg/environment/path.sh
[2.332s] -- Installing: /home/guozi/chapt2/demo_cpp_pkg/install/demo_cpp_pkg/share/demo_cpp_pkg/environment/path.dsv
[2.332s] -- Installing: /home/guozi/chapt2/demo_cpp_pkg/install/demo_cpp_pkg/share/demo_cpp_pkg/local_setup.bash
[2.332s] -- Installing: /home/guozi/chapt2/demo_cpp_pkg/install/demo_cpp_pkg/share/demo_cpp_pkg/local_setup.sh
[2.332s] -- Installing: /home/guozi/chapt2/demo_cpp_pkg/install/demo_cpp_pkg/share/demo_cpp_pkg/local_setup.zsh
[2.332s] -- Installing: /home/guozi/chapt2/demo_cpp_pkg/install/demo_cpp_pkg/share/demo_cpp_pkg/local_setup.dsv
[2.332s] -- Installing: /home/guozi/chapt2/demo_cpp_pkg/install/demo_cpp_pkg/share/demo_cpp_pkg/package.dsv
[2.332s] -- Installing: /home/guozi/chapt2/demo_cpp_pkg/install/demo_cpp_pkg/share/ament_index/resource_index/packages/demo_cpp_pkg
[2.332s] -- Installing: /home/guozi/chapt2/demo_cpp_pkg/install/demo_cpp_pkg/share/demo_cpp_pkg/cmake/demo_cpp_pkgConfig.cmake
[2.332s] -- Installing: /home/guozi/chapt2/demo_cpp_pkg/install/demo_cpp_pkg/share/demo_cpp_pkg/cmake/demo_cpp_pkgConfig-version.cmake
[2.332s] -- Installing: /home/guozi/chapt2/demo_cpp_pkg/install/demo_cpp_pkg/share/demo_cpp_pkg/package.xml
[2.333s] Invoked command in '/home/guozi/chapt2/demo_cpp_pkg/build/demo_cpp_pkg' returned '0': CMAKE_PREFIX_PATH=/opt/ros/humble /usr/bin/cmake --install /home/guozi/chapt2/demo_cpp_pkg/build/demo_cpp_pkg
