[0.008s] Invoking command in '/home/guozi/chapt2/build/demo_cpp_pkg': CMAKE_PREFIX_PATH=/opt/ros/humble /usr/bin/cmake /home/guozi/chapt2/demo_cpp_pkg -DCMAKE_INSTALL_PREFIX=/home/guozi/chapt2/install/demo_cpp_pkg
[0.043s] -- The C compiler identification is GNU 11.4.0
[0.079s] -- The CXX compiler identification is GNU 11.4.0
[0.083s] -- Detecting C compiler ABI info
[0.131s] -- Detecting C compiler ABI info - done
[0.134s] -- Check for working C compiler: /usr/bin/cc - skipped
[0.134s] -- Detecting C compile features
[0.134s] -- Detecting C compile features - done
[0.135s] -- Detecting CXX compiler ABI info
[0.195s] -- Detecting CXX compiler ABI info - done
[0.199s] -- Check for working CXX compiler: /usr/bin/c++ - skipped
[0.199s] -- Detecting CXX compile features
[0.199s] -- Detecting CXX compile features - done
[0.200s] -- Found ament_cmake: 1.3.14 (/opt/ros/humble/share/ament_cmake/cmake)
[0.283s] -- Found Python3: /usr/bin/python3 (found version "3.10.12") found components: Interpreter 
[0.335s] -- Found rclcpp: 16.0.21 (/opt/ros/humble/share/rclcpp/cmake)
[0.362s] -- Found rosidl_generator_c: 3.1.9 (/opt/ros/humble/share/rosidl_generator_c/cmake)
[0.362s] -- Found rosidl_adapter: 3.1.9 (/opt/ros/humble/share/rosidl_adapter/cmake)
[0.366s] -- Found rosidl_generator_cpp: 3.1.9 (/opt/ros/humble/share/rosidl_generator_cpp/cmake)
[0.372s] -- Using all available rosidl_typesupport_c: rosidl_typesupport_fastrtps_c;rosidl_typesupport_introspection_c
[0.379s] -- Using all available rosidl_typesupport_cpp: rosidl_typesupport_fastrtps_cpp;rosidl_typesupport_introspection_cpp
[0.400s] -- Found rmw_implementation_cmake: 6.1.4 (/opt/ros/humble/share/rmw_implementation_cmake/cmake)
[0.401s] -- Found rmw_fastrtps_cpp: 6.2.10 (/opt/ros/humble/share/rmw_fastrtps_cpp/cmake)
[0.458s] -- Found OpenSSL: /usr/lib/x86_64-linux-gnu/libcrypto.so (found version "3.0.2")  
[0.475s] -- Found FastRTPS: /opt/ros/humble/include  
[0.496s] -- Using RMW implementation 'rmw_fastrtps_cpp' as default
[0.499s] -- Looking for pthread.h
[0.551s] -- Looking for pthread.h - found
[0.551s] -- Performing Test CMAKE_HAVE_LIBC_PTHREAD
[0.611s] -- Performing Test CMAKE_HAVE_LIBC_PTHREAD - Success
[0.611s] -- Found Threads: TRUE  
[0.638s] -- Found ament_lint_auto: 0.12.15 (/opt/ros/humble/share/ament_lint_auto/cmake)
[0.675s] -- Added test 'cppcheck' to perform static code analysis on C / C++ code
[0.675s] -- Configured cppcheck include dirs: 
[0.675s] -- Configured cppcheck exclude dirs and/or files: 
[0.675s] -- Added test 'lint_cmake' to check CMake code style
[0.676s] -- Added test 'uncrustify' to check C / C++ code style
[0.676s] -- Configured uncrustify additional arguments: 
[0.676s] -- Added test 'xmllint' to check XML markup files
[0.676s] -- Configuring done
[0.681s] -- Generating done
[0.683s] -- Build files have been written to: /home/guozi/chapt2/build/demo_cpp_pkg
[0.692s] Invoked command in '/home/guozi/chapt2/build/demo_cpp_pkg' returned '0': CMAKE_PREFIX_PATH=/opt/ros/humble /usr/bin/cmake /home/guozi/chapt2/demo_cpp_pkg -DCMAKE_INSTALL_PREFIX=/home/guozi/chapt2/install/demo_cpp_pkg
[0.692s] Invoking command in '/home/guozi/chapt2/build/demo_cpp_pkg': CMAKE_PREFIX_PATH=/opt/ros/humble /usr/bin/cmake --build /home/guozi/chapt2/build/demo_cpp_pkg -- -j4 -l4
[0.736s] [ 50%] [32mBuilding CXX object CMakeFiles/cpp_node.dir/src/cpp_node.cpp.o[0m
[2.257s] [100%] [32m[1mLinking CXX executable cpp_node[0m
[2.326s] [100%] Built target cpp_node
[2.337s] Invoked command in '/home/guozi/chapt2/build/demo_cpp_pkg' returned '0': CMAKE_PREFIX_PATH=/opt/ros/humble /usr/bin/cmake --build /home/guozi/chapt2/build/demo_cpp_pkg -- -j4 -l4
[2.344s] Invoking command in '/home/guozi/chapt2/build/demo_cpp_pkg': CMAKE_PREFIX_PATH=/opt/ros/humble /usr/bin/cmake --install /home/guozi/chapt2/build/demo_cpp_pkg
[2.349s] -- Install configuration: ""
[2.349s] -- Installing: /home/guozi/chapt2/install/demo_cpp_pkg/share/ament_index/resource_index/package_run_dependencies/demo_cpp_pkg
[2.349s] -- Installing: /home/guozi/chapt2/install/demo_cpp_pkg/share/ament_index/resource_index/parent_prefix_path/demo_cpp_pkg
[2.349s] -- Installing: /home/guozi/chapt2/install/demo_cpp_pkg/share/demo_cpp_pkg/environment/ament_prefix_path.sh
[2.349s] -- Installing: /home/guozi/chapt2/install/demo_cpp_pkg/share/demo_cpp_pkg/environment/ament_prefix_path.dsv
[2.349s] -- Installing: /home/guozi/chapt2/install/demo_cpp_pkg/share/demo_cpp_pkg/environment/path.sh
[2.349s] -- Installing: /home/guozi/chapt2/install/demo_cpp_pkg/share/demo_cpp_pkg/environment/path.dsv
[2.349s] -- Installing: /home/guozi/chapt2/install/demo_cpp_pkg/share/demo_cpp_pkg/local_setup.bash
[2.349s] -- Installing: /home/guozi/chapt2/install/demo_cpp_pkg/share/demo_cpp_pkg/local_setup.sh
[2.349s] -- Installing: /home/guozi/chapt2/install/demo_cpp_pkg/share/demo_cpp_pkg/local_setup.zsh
[2.350s] -- Installing: /home/guozi/chapt2/install/demo_cpp_pkg/share/demo_cpp_pkg/local_setup.dsv
[2.350s] -- Installing: /home/guozi/chapt2/install/demo_cpp_pkg/share/demo_cpp_pkg/package.dsv
[2.350s] -- Installing: /home/guozi/chapt2/install/demo_cpp_pkg/share/ament_index/resource_index/packages/demo_cpp_pkg
[2.350s] -- Installing: /home/guozi/chapt2/install/demo_cpp_pkg/share/demo_cpp_pkg/cmake/demo_cpp_pkgConfig.cmake
[2.350s] -- Installing: /home/guozi/chapt2/install/demo_cpp_pkg/share/demo_cpp_pkg/cmake/demo_cpp_pkgConfig-version.cmake
[2.350s] -- Installing: /home/guozi/chapt2/install/demo_cpp_pkg/share/demo_cpp_pkg/package.xml
[2.353s] Invoked command in '/home/guozi/chapt2/build/demo_cpp_pkg' returned '0': CMAKE_PREFIX_PATH=/opt/ros/humble /usr/bin/cmake --install /home/guozi/chapt2/build/demo_cpp_pkg
